###############################################################################
#
# IAR ELF Linker V7.40.3.8902/W32 for ARM                 12/Dec/2021  17:26:11
# Copyright 2007-2015 IAR Systems AB.
#
#    Output file  =  
#        C:\Users\user\Desktop\main_board_git_ignore\EWARM\sen_rX_TX_interrupt
#        Configuration\Exe\sen_rX_TX_interrupt Configuration.out
#    Map file     =  
#        C:\Users\user\Desktop\main_board_git_ignore\EWARM\sen_rX_TX_interrupt
#        Configuration/List\sen_rX_TX_interrupt Configuration.map
#    Command line =  
#        "C:\Users\user\Desktop\main_board_git_ignore\EWARM\sen_rX_TX_interrupt
#        Configuration\Obj\bno055.o"
#        "C:\Users\user\Desktop\main_board_git_ignore\EWARM\sen_rX_TX_interrupt
#        Configuration\Obj\main.o"
#        "C:\Users\user\Desktop\main_board_git_ignore\EWARM\sen_rX_TX_interrupt
#        Configuration\Obj\mlx90614.o"
#        "C:\Users\user\Desktop\main_board_git_ignore\EWARM\sen_rX_TX_interrupt
#        Configuration\Obj\startup_stm32f103xe.o"
#        "C:\Users\user\Desktop\main_board_git_ignore\EWARM\sen_rX_TX_interrupt
#        Configuration\Obj\stm32f1xx_hal.o"
#        "C:\Users\user\Desktop\main_board_git_ignore\EWARM\sen_rX_TX_interrupt
#        Configuration\Obj\stm32f1xx_hal_cortex.o"
#        "C:\Users\user\Desktop\main_board_git_ignore\EWARM\sen_rX_TX_interrupt
#        Configuration\Obj\stm32f1xx_hal_dma.o"
#        "C:\Users\user\Desktop\main_board_git_ignore\EWARM\sen_rX_TX_interrupt
#        Configuration\Obj\stm32f1xx_hal_flash.o"
#        "C:\Users\user\Desktop\main_board_git_ignore\EWARM\sen_rX_TX_interrupt
#        Configuration\Obj\stm32f1xx_hal_flash_ex.o"
#        "C:\Users\user\Desktop\main_board_git_ignore\EWARM\sen_rX_TX_interrupt
#        Configuration\Obj\stm32f1xx_hal_gpio.o"
#        "C:\Users\user\Desktop\main_board_git_ignore\EWARM\sen_rX_TX_interrupt
#        Configuration\Obj\stm32f1xx_hal_gpio_ex.o"
#        "C:\Users\user\Desktop\main_board_git_ignore\EWARM\sen_rX_TX_interrupt
#        Configuration\Obj\stm32f1xx_hal_i2c.o"
#        "C:\Users\user\Desktop\main_board_git_ignore\EWARM\sen_rX_TX_interrupt
#        Configuration\Obj\stm32f1xx_hal_msp.o"
#        "C:\Users\user\Desktop\main_board_git_ignore\EWARM\sen_rX_TX_interrupt
#        Configuration\Obj\stm32f1xx_hal_pwr.o"
#        "C:\Users\user\Desktop\main_board_git_ignore\EWARM\sen_rX_TX_interrupt
#        Configuration\Obj\stm32f1xx_hal_rcc.o"
#        "C:\Users\user\Desktop\main_board_git_ignore\EWARM\sen_rX_TX_interrupt
#        Configuration\Obj\stm32f1xx_hal_rcc_ex.o"
#        "C:\Users\user\Desktop\main_board_git_ignore\EWARM\sen_rX_TX_interrupt
#        Configuration\Obj\stm32f1xx_hal_spi.o"
#        "C:\Users\user\Desktop\main_board_git_ignore\EWARM\sen_rX_TX_interrupt
#        Configuration\Obj\stm32f1xx_hal_spi_ex.o"
#        "C:\Users\user\Desktop\main_board_git_ignore\EWARM\sen_rX_TX_interrupt
#        Configuration\Obj\stm32f1xx_hal_tim.o"
#        "C:\Users\user\Desktop\main_board_git_ignore\EWARM\sen_rX_TX_interrupt
#        Configuration\Obj\stm32f1xx_hal_tim_ex.o"
#        "C:\Users\user\Desktop\main_board_git_ignore\EWARM\sen_rX_TX_interrupt
#        Configuration\Obj\stm32f1xx_hal_uart.o"
#        "C:\Users\user\Desktop\main_board_git_ignore\EWARM\sen_rX_TX_interrupt
#        Configuration\Obj\stm32f1xx_it.o"
#        "C:\Users\user\Desktop\main_board_git_ignore\EWARM\sen_rX_TX_interrupt
#        Configuration\Obj\system_stm32f1xx.o" --redirect _Printf=_PrintfFull
#        --redirect _Scanf=_ScanfFull -o
#        "C:\Users\user\Desktop\main_board_git_ignore\EWARM\sen_rX_TX_interrupt
#        Configuration\Exe\sen_rX_TX_interrupt Configuration.out" --map
#        "C:\Users\user\Desktop\main_board_git_ignore\EWARM\sen_rX_TX_interrupt
#        Configuration/List\sen_rX_TX_interrupt Configuration.map" --config
#        C:\Users\user\Desktop\main_board_git_ignore\EWARM/stm32f103xe_flash.icf
#        --semihosting --entry __iar_program_start --vfe
#
###############################################################################

*******************************************************************************
*** RUNTIME MODEL ATTRIBUTES
***

CppFlavor                     = *
__Heap_Handler                = Basic
__SystemLibrary               = DLib
__dlib_dynamic_initialization = normal


*******************************************************************************
*** PLACEMENT SUMMARY
***

"A1":  place at 0x08000000 { ro section .intvec };
"P1":  place in [from 0x08000000 to 0x0807ffff] { ro };
"P2":  place in [from 0x20000000 to 0x2000ffff] { rw, block CSTACK, block HEAP };

  Section             Kind        Address    Size  Object
  -------             ----        -------    ----  ------
"A1":                                       0x130
  .intvec             ro code  0x08000000   0x130  startup_stm32f103xe.o [1]
                             - 0x08000130   0x130

"P1":                                      0x76d8
  .text               ro code  0x08000130  0x1156  xprintffull.o [3]
  .text               ro code  0x08001286    0x20  xmbtowc.o [3]
  .text               ro code  0x080012a6    0x1e  xsscin.o [3]
  .text               ro code  0x080012c4    0x16  strchr.o [5]
  .text               ro code  0x080012da    0x1a  xsnprout.o [3]
  .text               ro code  0x080012f4    0x36  strlen.o [5]
  .text               ro code  0x0800132a     0xa  xsprout.o [3]
  .text               ro code  0x08001334    0x58  memchr.o [5]
  .text               ro code  0x0800138c     0xa  xmbcurmax.o [3]
  .text               ro code  0x08001398    0xb0  xxmemxmalloc.o [3]
  .text               ro code  0x08001448    0x1a  xwctomb.o [3]
  .text               ro code  0x08001464    0x76  ABImemcpy_unaligned.o [5]
  .text               ro code  0x080014dc    0x80  xxmemxfree.o [3]
  .text               ro code  0x0800155c    0xee  I64DivMod.o [5]
  .text               ro code  0x0800164a    0x42  xdnorm.o [4]
  .text               ro code  0x0800168c    0x2e  DblCmpLe.o [4]
  .text               ro code  0x080016bc    0x2e  DblCmpGe.o [4]
  .text               ro code  0x080016ec   0x110  xdscale.o [4]
  .text               ro code  0x080017fc    0x58  DblToI32.o [4]
  .text               ro code  0x08001854    0x30  I32ToDbl.o [4]
  .text               ro code  0x08001884   0x180  DblSub.o [4]
  .text               ro code  0x08001a04   0x1a2  DblMul.o [4]
  .text               ro code  0x08001ba8   0x256  DblDiv.o [4]
  .text               ro code  0x08001e00    0x6c  localeconv.o [3]
  .text               ro code  0x08001e6c     0xe  div.o [3]
  .text               ro code  0x08001e7c    0x24  setlocale.o [3]
  .text               ro code  0x08001ea0    0x60  xencoding_sb.o [3]
  .text               ro code  0x08001f00    0x2c  xgetmemchunk.o [3]
  .text               ro code  0x08001f2c     0x2  I64DivZer.o [5]
  .text               ro code  0x08001f30    0xe8  DblAdd.o [4]
  .text               ro code  0x08002018     0x2  xtls.o [3]
  .text               ro code  0x0800201c   0xdcc  main.o [1]
  .text               ro code  0x08002de8   0x4e0  stm32f1xx_hal_uart.o [1]
  .text               ro code  0x080032c8    0x74  stm32f1xx_hal.o [1]
  .text               ro code  0x0800333c   0x832  stm32f1xx_hal_i2c.o [1]
  .text               ro code  0x08003b70   0x1cc  stm32f1xx_hal_gpio.o [1]
  .text               ro code  0x08003d3c    0xa8  stm32f1xx_hal_spi_ex.o [1]
  .text               ro code  0x08003de4   0x36a  stm32f1xx_hal_tim.o [1]
  .text               ro code  0x08004150    0x50  stm32f1xx_hal_tim_ex.o [1]
  .text               ro code  0x080041a0   0x2f8  bno055.o [1]
  .text               ro code  0x08004498    0x34  sprintf.o [3]
  .text               ro code  0x080044cc   0x564  stm32f1xx_hal_spi.o [1]
  .text               ro code  0x08004a30   0x298  mlx90614.o [1]
  .text               ro code  0x08004cc8    0x24  sscanf.o [3]
  .text               ro code  0x08004cec    0x4e  FltToDbl.o [4]
  .text               ro code  0x08004d3c   0x590  stm32f1xx_hal_rcc.o [1]
  .text               ro code  0x080052cc    0xe2  stm32f1xx_hal_cortex.o [1]
  .text               ro code  0x080053b0     0x6  ABImemclr4.o [5]
  .text               ro code  0x080053b8    0x42  strcmp_unaligned.o [5]
  .text               ro code  0x080053fc    0xfc  FltDiv.o [4]
  .text               ro code  0x080054f8    0x44  FltToS32.o [4]
  .text               ro code  0x0800553c    0x2e  I32ToFlt.o [4]
  .text               ro code  0x0800556c    0xe6  FltSub.o [4]
  .text               ro code  0x08005654    0x84  FltAdd.o [4]
  .text               ro code  0x080056d8   0x270  stm32f1xx_hal_msp.o [1]
  .text               ro code  0x08005948   0x1ac  stm32f1xx_it.o [1]
  .text               ro code  0x08005af4    0x90  DblToFlt.o [4]
  .text               ro code  0x08005b84    0x44  snprintf.o [3]
  .text               ro code  0x08005bc8   0xcd0  xscanffull.o [3]
  .text               ro code  0x08006898    0x32  ABImemset48.o [5]
  .text               ro code  0x080068cc    0x40  xwctob.o [3]
  .text               ro code  0x0800690c    0x28  isxxx.o [3]
  .text               ro code  0x08006934    0xa4  xstoll.o [3]
  .text               ro code  0x080069d8   0x1b0  xstoull.o [3]
  .text               ro code  0x08006b88   0x14c  xstold.o [4]
  .text               ro code  0x08006cd4    0x16  xlocale_c.o [3]
  .text               ro code  0x08006cea    0x14  xlocale_c.o [3]
  .text               ro code  0x08006d00     0xc  errno.o [3]
  .text               ro code  0x08006d0c    0x14  tolower.o [3]
  .text               ro code  0x08006d20   0x124  xstopfx.o [3]
  .text               ro code  0x08006e44   0x1b8  xstoflt.o [3]
  .text               ro code  0x08006ffc    0x4c  system_stm32f1xx.o [1]
  .text               ro code  0x08007048   0x200  xdtento.o [4]
  .text               ro code  0x08007248   0x218  xstoxflt.o [3]
  .text               ro code  0x08007460     0xc  xlocale_c.o [3]
  .text               ro code  0x0800746c    0x20  DblCmpEq.o [4]
  .text               ro code  0x0800748c    0x56  xdunscal.o [4]
  .text               ro code  0x080074e2    0xd0  packbits_init.o [5]
  .text               ro code  0x080075b2     0x6  abort.o [3]
  .text               ro code  0x080075b8    0x14  exit.o [6]
  .text               ro code  0x080075cc    0x40  zero_init3.o [5]
  .text               ro code  0x0800760c    0x28  data_init.o [5]
  .iar.init_table     const    0x08007634    0x2c  - Linker created -
  .text               ro code  0x08007660    0x1a  cmain.o [5]
  .text               ro code  0x0800767a     0x4  low_level_init.o [3]
  .text               ro code  0x0800767e     0x4  exit.o [3]
  .text               ro code  0x08007684     0xa  cexit.o [5]
  .text               ro code  0x08007690    0x10  startup_stm32f103xe.o [1]
  .text               ro code  0x080076a0     0xc  cstartup_M.o [5]
  .rodata             const    0x080076ac     0x4  main.o [1]
  .text               ro code  0x080076b0     0x4  startup_stm32f103xe.o [1]
  .text               ro code  0x080076b4     0x4  startup_stm32f103xe.o [1]
  .text               ro code  0x080076b8     0x4  startup_stm32f103xe.o [1]
  .text               ro code  0x080076bc     0x4  startup_stm32f103xe.o [1]
  .text               ro code  0x080076c0     0x4  startup_stm32f103xe.o [1]
  .text               ro code  0x080076c4     0x4  startup_stm32f103xe.o [1]
  .text               ro code  0x080076c8     0x4  startup_stm32f103xe.o [1]
  .text               ro code  0x080076cc     0x4  startup_stm32f103xe.o [1]
  .text               ro code  0x080076d0     0x4  startup_stm32f103xe.o [1]
  .text               ro code  0x080076d4     0x4  startup_stm32f103xe.o [1]
  .text               ro code  0x080076d8     0x4  startup_stm32f103xe.o [1]
  .text               ro code  0x080076dc     0x4  startup_stm32f103xe.o [1]
  .text               ro code  0x080076e0     0x4  startup_stm32f103xe.o [1]
  .text               ro code  0x080076e4     0x4  startup_stm32f103xe.o [1]
  .text               ro code  0x080076e8     0x4  startup_stm32f103xe.o [1]
  .text               ro code  0x080076ec     0x4  startup_stm32f103xe.o [1]
  .text               ro code  0x080076f0     0x4  startup_stm32f103xe.o [1]
  .text               ro code  0x080076f4     0x4  startup_stm32f103xe.o [1]
  .text               ro code  0x080076f8     0x4  startup_stm32f103xe.o [1]
  .text               ro code  0x080076fc     0x4  startup_stm32f103xe.o [1]
  .text               ro code  0x08007700     0x4  startup_stm32f103xe.o [1]
  .text               ro code  0x08007704     0x4  startup_stm32f103xe.o [1]
  .text               ro code  0x08007708     0x4  startup_stm32f103xe.o [1]
  .text               ro code  0x0800770c     0x4  startup_stm32f103xe.o [1]
  .text               ro code  0x08007710     0x4  startup_stm32f103xe.o [1]
  .text               ro code  0x08007714     0x4  startup_stm32f103xe.o [1]
  .text               ro code  0x08007718     0x4  startup_stm32f103xe.o [1]
  .text               ro code  0x0800771c     0x4  startup_stm32f103xe.o [1]
  .text               ro code  0x08007720     0x4  startup_stm32f103xe.o [1]
  .text               ro code  0x08007724     0x4  startup_stm32f103xe.o [1]
  .text               ro code  0x08007728     0x4  startup_stm32f103xe.o [1]
  .text               ro code  0x0800772c     0x4  startup_stm32f103xe.o [1]
  .text               ro code  0x08007730     0x4  startup_stm32f103xe.o [1]
  .text               ro code  0x08007734     0x4  startup_stm32f103xe.o [1]
  .text               ro code  0x08007738     0x4  startup_stm32f103xe.o [1]
  .text               ro code  0x0800773c     0x4  startup_stm32f103xe.o [1]
  .text               ro code  0x08007740     0x4  startup_stm32f103xe.o [1]
  .text               ro code  0x08007744     0x4  startup_stm32f103xe.o [1]
  .text               ro code  0x08007748     0x4  startup_stm32f103xe.o [1]
  .text               ro code  0x0800774c     0x4  startup_stm32f103xe.o [1]
  .text               ro code  0x08007750     0x4  startup_stm32f103xe.o [1]
  .text               ro code  0x08007754     0x4  startup_stm32f103xe.o [1]
  .text               ro code  0x08007758     0x4  startup_stm32f103xe.o [1]
  .text               ro code  0x0800775c     0x4  startup_stm32f103xe.o [1]
  .text               ro code  0x08007760     0x4  startup_stm32f103xe.o [1]
  .text               ro code  0x08007764     0x4  startup_stm32f103xe.o [1]
  .text               ro code  0x08007768     0x4  startup_stm32f103xe.o [1]
  .text               ro code  0x0800776c     0x4  startup_stm32f103xe.o [1]
  .text               ro code  0x08007770     0x4  startup_stm32f103xe.o [1]
  .text               ro code  0x08007774     0x4  startup_stm32f103xe.o [1]
  .text               ro code  0x08007778     0x4  startup_stm32f103xe.o [1]
  .text               ro code  0x0800777c     0x4  startup_stm32f103xe.o [1]
  .text               ro code  0x08007780     0x4  startup_stm32f103xe.o [1]
  .text               ro code  0x08007784     0x4  startup_stm32f103xe.o [1]
  .text               ro code  0x08007788     0x4  startup_stm32f103xe.o [1]
  .text               ro code  0x0800778c     0x4  startup_stm32f103xe.o [1]
  .text               ro code  0x08007790     0x4  startup_stm32f103xe.o [1]
  .text               ro code  0x08007794     0x4  startup_stm32f103xe.o [1]
  .text               ro code  0x08007798     0x4  startup_stm32f103xe.o [1]
  .text               ro code  0x0800779c     0x4  startup_stm32f103xe.o [1]
  .text               ro code  0x080077a0     0x4  startup_stm32f103xe.o [1]
  .text               ro code  0x080077a4     0x4  startup_stm32f103xe.o [1]
  .rodata             const    0x080077a8     0x0  zero_init3.o [5]
  .rodata             const    0x080077a8     0x0  packbits_init.o [5]
  Initializer bytes   const    0x080077a8    0x60  <for P2 s0>
                             - 0x08007808  0x76d8

"P2":                                      0x10d8
  P2 s0                        0x20000000   0x9f0  <Init block>
    .data             inited   0x20000000   0x804  main.o [1]
    .data             inited   0x20000804    0x9c  main.o [1]
    __DLIB_PERTHREAD  inited   0x200008a0    0x88  localeconv.o [3]
    __DLIB_PERTHREAD  inited   0x20000928    0x74  setlocale.o [3]
    .data             inited   0x2000099c    0x40  main.o [1]
    .data             inited   0x200009dc     0xa  bno055.o [1]
    .data             inited   0x200009e8     0x4  system_stm32f1xx.o [1]
    __DLIB_PERTHREAD  inited   0x200009ec     0x4  errno.o [3]
  .bss                zero     0x200009f0    0x80  mlx90614.o [1]
  .bss                zero     0x20000a70    0x34  bno055.o [1]
  .bss                zero     0x20000aa4    0x1d  main.o [1]
  .bss                zero     0x20000ac1     0x1  main.o [1]
  .bss                zero     0x20000ac2     0x1  stm32f1xx_hal_spi_ex.o [1]
  .bss                zero     0x20000ac3     0x1  stm32f1xx_it.o [1]
  .bss                zero     0x20000ac4     0x8  xxmemxmalloc.o [3]
  .bss                zero     0x20000acc     0x4  main.o [1]
  .bss                zero     0x20000ad0     0x4  stm32f1xx_hal.o [1]
  .bss                zero     0x20000ad4     0x4  xgetmemchunk.o [3]
  CSTACK                       0x20000ad8   0x400  <Block>
    CSTACK            uninit   0x20000ad8   0x400  <Block tail>
  HEAP                         0x20000ed8   0x200  <Block>
    HEAP              uninit   0x20000ed8   0x200  <Block tail>
                             - 0x200010d8  0x10d8


*******************************************************************************
*** INIT TABLE
***

          Address     Size
          -------     ----
Zero (__iar_zero_init3)
    1 destination range, total size 0xe8:
          0x200009f0   0xe8

Copy/packbits (__iar_packbits_init3)
    1 source range, total size 0x60 (3% of destination):
          0x080077a8   0x60
    1 destination range, total size 0x9f0:
          0x20000000  0x9f0



*******************************************************************************
*** MODULE SUMMARY
***

    Module                  ro code  ro data  rw data
    ------                  -------  -------  -------
C:\Users\user\Desktop\main_board_git_ignore\EWARM\sen_rX_TX_interrupt Configuration\Obj: [1]
    bno055.o                    760                62
    main.o                    3 532       90    2 306
    mlx90614.o                  664               128
    startup_stm32f103xe.o       568
    stm32f1xx_hal.o             116                 4
    stm32f1xx_hal_cortex.o      226
    stm32f1xx_hal_gpio.o        460
    stm32f1xx_hal_i2c.o       2 098
    stm32f1xx_hal_msp.o         624
    stm32f1xx_hal_rcc.o       1 424
    stm32f1xx_hal_spi.o       1 380
    stm32f1xx_hal_spi_ex.o      168                 1
    stm32f1xx_hal_tim.o         874
    stm32f1xx_hal_tim_ex.o       80
    stm32f1xx_hal_uart.o      1 248
    stm32f1xx_it.o              428                 1
    system_stm32f1xx.o           76                 4
    -------------------------------------------------
    Total:                   14 726       90    2 506

command line: [2]
    -------------------------------------------------
    Total:

dl7M_tlf.a: [3]
    abort.o                       6
    div.o                        14
    errno.o                      12        1        4
    exit.o                        4
    isxxx.o                      40
    localeconv.o                108        5      136
    low_level_init.o              4
    setlocale.o                  36        4      116
    snprintf.o                   68
    sprintf.o                    52
    sscanf.o                     36
    tolower.o                    20
    xencoding_sb.o               96
    xgetmemchunk.o               44                 4
    xlocale_c.o                  54
    xmbcurmax.o                  10
    xmbtowc.o                    32
    xprintffull.o             4 438
    xscanffull.o              3 280
    xsnprout.o                   26
    xsprout.o                    10
    xsscin.o                     30
    xstoflt.o                   440
    xstoll.o                    164
    xstopfx.o                   292
    xstoull.o                   432
    xstoxflt.o                  536
    xtls.o                        2
    xwctob.o                     64
    xwctomb.o                    26
    xxmemxfree.o                128
    xxmemxmalloc.o              176                 8
    -------------------------------------------------
    Total:                   10 680       10      268

m7M_tl.a: [4]
    DblAdd.o                    232
    DblCmpEq.o                   32
    DblCmpGe.o                   46
    DblCmpLe.o                   46
    DblDiv.o                    598
    DblMul.o                    418
    DblSub.o                    384
    DblToFlt.o                  144
    DblToI32.o                   88
    FltAdd.o                    132
    FltDiv.o                    252
    FltSub.o                    230
    FltToDbl.o                   78
    FltToS32.o                   68
    I32ToDbl.o                   48
    I32ToFlt.o                   46
    xdnorm.o                     66
    xdscale.o                   272
    xdtento.o                   512
    xdunscal.o                   86
    xstold.o                    332
    -------------------------------------------------
    Total:                    4 110

rt7M_tl.a: [5]
    ABImemclr4.o                  6
    ABImemcpy_unaligned.o       118
    ABImemset48.o                50
    I64DivMod.o                 238
    I64DivZer.o                   2
    cexit.o                      10
    cmain.o                      26
    cstartup_M.o                 12
    data_init.o                  40
    memchr.o                     88
    packbits_init.o             208
    strchr.o                     22
    strcmp_unaligned.o           66
    strlen.o                     54
    zero_init3.o                 64
    -------------------------------------------------
    Total:                    1 004

shb_l.a: [6]
    exit.o                       20
    -------------------------------------------------
    Total:                       20

    Gaps                         44                 2
    Linker created                        44    1 536
-----------------------------------------------------
    Grand Total:             30 584      144    4 312


*******************************************************************************
*** ENTRY LIST
***

Entry                      Address   Size  Type      Object
-----                      -------   ----  ----      ------
.iar.init_table$$Base   0x08007634          --   Gb  - Linker created -
.iar.init_table$$Limit  0x08007660          --   Gb  - Linker created -
?main                   0x08007661         Code  Gb  cmain.o [5]
CRC8_Calc               0x08004a31   0x20  Code  Gb  mlx90614.o [1]
CSTACK$$Base            0x20000ad8          --   Gb  - Linker created -
CSTACK$$Limit           0x20000ed8          --   Gb  - Linker created -
GPS_GETDATA_SIZE        0x080076ac    0x4  Data  Gb  main.o [1]
HAL_Delay               0x0800331d   0x18  Code  Wk  stm32f1xx_hal.o [1]
HAL_GPIO_Init           0x08003b71  0x188  Code  Gb  stm32f1xx_hal_gpio.o [1]
HAL_GPIO_WritePin       0x08003cf9    0x8  Code  Gb  stm32f1xx_hal_gpio.o [1]
HAL_GetTick             0x08003317    0x6  Code  Wk  stm32f1xx_hal.o [1]
HAL_I2C_EV_IRQHandler   0x0800368d  0x15a  Code  Gb  stm32f1xx_hal_i2c.o [1]
HAL_I2C_Init            0x0800333d   0xca  Code  Gb  stm32f1xx_hal_i2c.o [1]
HAL_I2C_MasterRxCpltCallback
                        0x08003819    0x2  Code  Wk  stm32f1xx_hal_i2c.o [1]
HAL_I2C_MasterTxCpltCallback
                        0x08003817    0x2  Code  Wk  stm32f1xx_hal_i2c.o [1]
HAL_I2C_MemRxCpltCallback
                        0x0800381f    0x2  Code  Wk  stm32f1xx_hal_i2c.o [1]
HAL_I2C_MemTxCpltCallback
                        0x0800381d    0x2  Code  Wk  stm32f1xx_hal_i2c.o [1]
HAL_I2C_Mem_Read        0x080034c9  0x11a  Code  Gb  stm32f1xx_hal_i2c.o [1]
HAL_I2C_Mem_Write       0x08003429   0x98  Code  Gb  stm32f1xx_hal_i2c.o [1]
HAL_I2C_MspInit         0x08005705   0x5e  Code  Gb  stm32f1xx_hal_msp.o [1]
HAL_I2C_SlaveRxCpltCallback
                        0x0800381b    0x2  Code  Wk  stm32f1xx_hal_i2c.o [1]
HAL_IncTick             0x0800330d    0xa  Code  Wk  stm32f1xx_hal.o [1]
HAL_Init                0x080032c9   0x20  Code  Gb  stm32f1xx_hal.o [1]
HAL_InitTick            0x080032e9   0x24  Code  Wk  stm32f1xx_hal.o [1]
HAL_MspInit             0x080056d9   0x2c  Code  Gb  stm32f1xx_hal_msp.o [1]
HAL_NVIC_EnableIRQ      0x0800533b    0xc  Code  Gb  stm32f1xx_hal_cortex.o [1]
HAL_NVIC_SetPriority    0x08005301   0x3a  Code  Gb  stm32f1xx_hal_cortex.o [1]
HAL_NVIC_SetPriorityGrouping
                        0x080052e7   0x1a  Code  Gb  stm32f1xx_hal_cortex.o [1]
HAL_RCC_ClockConfig     0x0800503f  0x144  Code  Gb  stm32f1xx_hal_rcc.o [1]
HAL_RCC_GetHCLKFreq     0x08005231   0x20  Code  Gb  stm32f1xx_hal_rcc.o [1]
HAL_RCC_GetPCLK1Freq    0x08005251   0x10  Code  Gb  stm32f1xx_hal_rcc.o [1]
HAL_RCC_GetPCLK2Freq    0x08005261    0xe  Code  Gb  stm32f1xx_hal_rcc.o [1]
HAL_RCC_GetSysClockFreq
                        0x080051d1   0x60  Code  Gb  stm32f1xx_hal_rcc.o [1]
HAL_RCC_OscConfig       0x08004d3d  0x2cc  Code  Gb  stm32f1xx_hal_rcc.o [1]
HAL_SPI_ErrorCallback   0x08004961    0x2  Code  Wk  stm32f1xx_hal_spi.o [1]
HAL_SPI_IRQHandler      0x080048bb   0xa6  Code  Gb  stm32f1xx_hal_spi.o [1]
HAL_SPI_Init            0x08003d3d   0x82  Code  Gb  stm32f1xx_hal_spi_ex.o [1]
HAL_SPI_MspInit         0x08005773   0x52  Code  Gb  stm32f1xx_hal_msp.o [1]
HAL_SPI_Receive         0x080044cd  0x13e  Code  Gb  stm32f1xx_hal_spi.o [1]
HAL_SPI_TransmitReceive
                        0x0800460b  0x1a6  Code  Gb  stm32f1xx_hal_spi.o [1]
HAL_SYSTICK_CLKSourceConfig
                        0x08005377   0x14  Code  Gb  stm32f1xx_hal_cortex.o [1]
HAL_SYSTICK_Callback    0x080053ad    0x2  Code  Wk  stm32f1xx_hal_cortex.o [1]
HAL_SYSTICK_Config      0x0800534f   0x28  Code  Gb  stm32f1xx_hal_cortex.o [1]
HAL_SYSTICK_IRQHandler  0x080053a5    0x8  Code  Gb  stm32f1xx_hal_cortex.o [1]
HAL_TIMEx_BreakCallback
                        0x0800419d    0x2  Code  Wk  stm32f1xx_hal_tim_ex.o [1]
HAL_TIMEx_CommutationCallback
                        0x0800419b    0x2  Code  Wk  stm32f1xx_hal_tim_ex.o [1]
HAL_TIMEx_MasterConfigSynchronization
                        0x08004151   0x4a  Code  Gb  stm32f1xx_hal_tim_ex.o [1]
HAL_TIM_Base_Init       0x08003de5   0x1a  Code  Gb  stm32f1xx_hal_tim.o [1]
HAL_TIM_Base_MspInit    0x080057d5   0x34  Code  Gb  stm32f1xx_hal_msp.o [1]
HAL_TIM_Base_Start_IT   0x08003dff   0x16  Code  Gb  stm32f1xx_hal_tim.o [1]
HAL_TIM_ConfigClockSource
                        0x08003f85   0xa8  Code  Gb  stm32f1xx_hal_tim.o [1]
HAL_TIM_IC_CaptureCallback
                        0x08004057    0x2  Code  Wk  stm32f1xx_hal_tim.o [1]
HAL_TIM_IRQHandler      0x08003e31  0x14a  Code  Gb  stm32f1xx_hal_tim.o [1]
HAL_TIM_OC_DelayElapsedCallback
                        0x08004055    0x2  Code  Wk  stm32f1xx_hal_tim.o [1]
HAL_TIM_PWM_PulseFinishedCallback
                        0x08004059    0x2  Code  Wk  stm32f1xx_hal_tim.o [1]
HAL_TIM_PeriodElapsedCallback
                        0x08005a49   0x3e  Code  Gb  stm32f1xx_it.o [1]
HAL_TIM_TriggerCallback
                        0x0800405b    0x2  Code  Wk  stm32f1xx_hal_tim.o [1]
HAL_UART_ErrorCallback  0x080030dd    0x2  Code  Wk  stm32f1xx_hal_uart.o [1]
HAL_UART_IRQHandler     0x08002fb3  0x128  Code  Gb  stm32f1xx_hal_uart.o [1]
HAL_UART_Init           0x08002de9   0x26  Code  Gb  stm32f1xx_hal_uart.o [1]
HAL_UART_MspInit        0x08005809   0xfa  Code  Gb  stm32f1xx_hal_msp.o [1]
HAL_UART_Receive        0x08002eeb   0x9e  Code  Gb  stm32f1xx_hal_uart.o [1]
HAL_UART_RxCpltCallback
                        0x08005a47    0x2  Code  Gb  stm32f1xx_it.o [1]
HAL_UART_Transmit       0x08002e5b   0x90  Code  Gb  stm32f1xx_hal_uart.o [1]
HAL_UART_TxCpltCallback
                        0x080030db    0x2  Code  Wk  stm32f1xx_hal_uart.o [1]
HEAP$$Base              0x20000ed8          --   Gb  - Linker created -
HEAP$$Limit             0x200010d8          --   Gb  - Linker created -
I2C2_EV_IRQHandler      0x0800596f    0x6  Code  Gb  stm32f1xx_it.o [1]
I2C_MasterReceive_BTF   0x08003821   0x5e  Code  Lc  stm32f1xx_hal_i2c.o [1]
I2C_RequestMemoryRead   0x0800396f   0xae  Code  Lc  stm32f1xx_hal_i2c.o [1]
I2C_RequestMemoryWrite  0x080038d7   0x7e  Code  Lc  stm32f1xx_hal_i2c.o [1]
I2C_WaitOnFlagUntilTimeout
                        0x08003a49   0x78  Code  Lc  stm32f1xx_hal_i2c.o [1]
I2C_WaitOnMasterAddressFlagUntilTimeout
                        0x08003ad9   0x6e  Code  Lc  stm32f1xx_hal_i2c.o [1]
InStream_Read           0x080074e3   0x22  Code  Lc  packbits_init.o [5]
LoadInt                 0x08000765   0x6e  Code  Lc  xprintffull.o [3]
MLX90614_ReadReg        0x08004a51   0x76  Code  Gb  mlx90614.o [1]
MLX90614_ReadTemp       0x08004ac7   0x26  Code  Gb  mlx90614.o [1]
MLX90614_SendDebugMsg   0x08004aed   0x38  Code  Gb  mlx90614.o [1]
NVIC_ClearPendingIRQ    0x08005949   0x12  Code  Lc  stm32f1xx_it.o [1]
NVIC_SetPriority        0x080052cd   0x1a  Code  Lc  stm32f1xx_hal_cortex.o [1]
Region$$Table$$Base     0x08007634          --   Gb  - Linker created -
Region$$Table$$Limit    0x08007660          --   Gb  - Linker created -
SPI1_IRQHandler         0x08005975    0x6  Code  Gb  stm32f1xx_it.o [1]
SPI_ISCRCErrorValid     0x08003dbf   0x1a  Code  Gb  stm32f1xx_hal_spi_ex.o [1]
SPI_WaitOnFlagUntilTimeout
                        0x080049ab   0x7a  Code  Lc  stm32f1xx_hal_spi.o [1]
SysTick_Handler         0x0800595b    0xe  Code  Gb  stm32f1xx_it.o [1]
SystemClock_Config      0x08002787   0x54  Code  Gb  main.o [1]
SystemCoreClock         0x200009e8    0x4  Data  Gb  system_stm32f1xx.o [1]
SystemInit              0x08006ffd   0x3a  Code  Gb  system_stm32f1xx.o [1]
TIM2_IRQHandler         0x08005969    0x6  Code  Gb  stm32f1xx_it.o [1]
TIM_Base_SetConfig      0x0800405d   0x6e  Code  Gb  stm32f1xx_hal_tim.o [1]
TIM_ETR_SetConfig       0x0800413b   0x14  Code  Lc  stm32f1xx_hal_tim.o [1]
TIM_ITRx_SetConfig      0x0800412b   0x10  Code  Lc  stm32f1xx_hal_tim.o [1]
TIM_TI1_ConfigInputStage
                        0x080040e5   0x22  Code  Lc  stm32f1xx_hal_tim.o [1]
TIM_TI2_ConfigInputStage
                        0x08004107   0x24  Code  Lc  stm32f1xx_hal_tim.o [1]
UART4_IRQHandler        0x080059b7   0x46  Code  Gb  stm32f1xx_it.o [1]
UART5_IRQHandler        0x080059fd   0x4a  Code  Gb  stm32f1xx_it.o [1]
UART_Receive_IT         0x0800317f   0xa0  Code  Lc  stm32f1xx_hal_uart.o [1]
UART_SetConfig          0x0800321f   0x9e  Code  Lc  stm32f1xx_hal_uart.o [1]
UART_WaitOnFlagUntilTimeout
                        0x080030df   0x82  Code  Lc  stm32f1xx_hal_uart.o [1]
USART1_IRQHandler       0x0800597b   0x3c  Code  Gb  stm32f1xx_it.o [1]
_EncodingSb_Mbtowc      0x08001ebb   0x30  Code  Gb  xencoding_sb.o [3]
_EncodingSb_Wctomb      0x08001ea1   0x1a  Code  Gb  xencoding_sb.o [3]
_GenldFull              0x08000fef  0x24e  Code  Lc  xprintffull.o [3]
_GetN                   0x08005bc9   0x22  Code  Lc  xscanffull.o [3]
_GetfldFull             0x08005ded  0x102  Code  Lc  xscanffull.o [3]
_GetfloatFull           0x08006397  0x4da  Code  Lc  xscanffull.o [3]
_GetintFull             0x080061a5  0x1ec  Code  Lc  xscanffull.o [3]
_GetstrFull             0x08005ef1  0x2ae  Code  Lc  xscanffull.o [3]
_IsdstStr               0x2000092c    0x4  Data  Gb  setlocale.o [3]
_LdtobFull              0x08000bed  0x3fc  Code  Lc  xprintffull.o [3]
_LitobFull              0x08000ae5  0x106  Code  Lc  xprintffull.o [3]
_LocaleC_isalpha        0x08006cd5   0x16  Code  Gb  xlocale_c.o [3]
_LocaleC_isspace        0x08006ceb   0x14  Code  Gb  xlocale_c.o [3]
_LocaleC_tolower        0x08007461    0xc  Code  Gb  xlocale_c.o [3]
_LocaleEncoding         0x08001e8f    0xe  Code  Gb  setlocale.o [3]
_LocaleForCat           0x08001e7d   0x12  Code  Gb  setlocale.o [3]
_LocaleReturnString     0x2000094c   0x50  Data  Lc  setlocale.o [3]
_Locale_Profile         0x20000930   0x1c  Data  Gb  setlocale.o [3]
_Locale_aeabi_lconv     0x200008f0   0x38  Data  Gb  localeconv.o [3]
_Locale_lconv           0x200008a0   0x50  Data  Gb  localeconv.o [3]
_Mbtowc                 0x08001287   0x20  Code  Gb  xmbtowc.o [3]
_PrintfFull             0x08000131  0x61e  Code  Gb  xprintffull.o [3]
_PutcharsFull           0x0800123d   0x2e  Code  Lc  xprintffull.o [3]
_PutstrFull             0x080007d3  0x30c  Code  Lc  xprintffull.o [3]
_SNProut                0x080012db   0x1a  Code  Gb  xsnprout.o [3]
_SProut                 0x0800132b    0xa  Code  Gb  xsprout.o [3]
_SScin                  0x080012a7   0x1e  Code  Gb  xsscin.o [3]
_ScanfFull              0x08005c05  0x1e2  Code  Gb  xscanffull.o [3]
_Stoflt                 0x08006e45  0x1b8  Code  Gb  xstoflt.o [3]
_Stopfx                 0x08006d21  0x124  Code  Gb  xstopfx.o [3]
_Stoxflt                0x08007249  0x1e2  Code  Gb  xstoxflt.o [3]
_TzoneStr               0x20000928    0x4  Data  Gb  setlocale.o [3]
_UngetN                 0x08005beb   0x1a  Code  Lc  xscanffull.o [3]
_Wctomb                 0x08001449   0x1a  Code  Gb  xwctomb.o [3]
__aeabi_cdcmpeq         0x0800746d         Code  Gb  DblCmpEq.o [4]
__aeabi_cdcmple         0x0800168d         Code  Gb  DblCmpLe.o [4]
__aeabi_cdrcmple        0x080016bd         Code  Gb  DblCmpGe.o [4]
__aeabi_d2f             0x08005af5         Code  Gb  DblToFlt.o [4]
__aeabi_d2iz            0x080017fd         Code  Gb  DblToI32.o [4]
__aeabi_d2uiz           0x08001829         Code  Gb  DblToI32.o [4]
__aeabi_dadd            0x08001f31         Code  Gb  DblAdd.o [4]
__aeabi_ddiv            0x08001ba9         Code  Gb  DblDiv.o [4]
__aeabi_dmul            0x08001a05         Code  Gb  DblMul.o [4]
__aeabi_dsub            0x08001885         Code  Gb  DblSub.o [4]
__aeabi_errno_addr      0x08006d01    0x6  Code  Gb  errno.o [3]
__aeabi_f2d             0x08004ced         Code  Gb  FltToDbl.o [4]
__aeabi_f2iz            0x080054f9         Code  Gb  FltToS32.o [4]
__aeabi_fadd            0x08005655         Code  Gb  FltAdd.o [4]
__aeabi_fdiv            0x080053fd         Code  Gb  FltDiv.o [4]
__aeabi_fsub            0x0800556d         Code  Gb  FltSub.o [4]
__aeabi_i2d             0x08001855         Code  Gb  I32ToDbl.o [4]
__aeabi_i2f             0x0800553d         Code  Gb  I32ToFlt.o [4]
__aeabi_ldiv0           0x08001f2d         Code  Gb  I64DivZer.o [5]
__aeabi_memclr4         0x080053b1         Code  Gb  ABImemclr4.o [5]
__aeabi_ui2d            0x08001869         Code  Gb  I32ToDbl.o [4]
__aeabi_uldivmod        0x0800155d         Code  Gb  I64DivMod.o [5]
__cmain                 0x08007661         Code  Gb  cmain.o [5]
__data_Aldata           0x20000ac4    0x8  Data  Gb  xxmemxmalloc.o [3]
__data_GetMemChunk      0x08001f01   0x2c  Code  Gb  xgetmemchunk.o [3]
__exit                  0x080075b9   0x14  Code  Gb  exit.o [6]
__iar_Dnorm             0x0800164b   0x42  Code  Gb  xdnorm.o [4]
__iar_Dscale            0x080016ed  0x110  Code  Gb  xdscale.o [4]
__iar_Dtentox           0x0800709b  0x14c  Code  Gb  xdtento.o [4]
__iar_Dunscale          0x0800748d   0x56  Code  Gb  xdunscal.o [4]
__iar_Errno             0x200009ec    0x4  Data  Gb  errno.o [3]
__iar_Locale_lconv_init
                        0x08001e01   0x3a  Code  Gb  localeconv.o [3]
__iar_Mbcurmax          0x0800138d    0xa  Code  Gb  xmbcurmax.o [3]
__iar_Memchr            0x08001335         Code  Gb  memchr.o [5]
__iar_Memset4_word      0x08006899         Code  Gb  ABImemset48.o [5]
__iar_Memset8_word      0x08006899         Code  Gb  ABImemset48.o [5]
__iar_Stold             0x08006cd1    0x4  Code  Gb  xstold.o [4]
__iar_Stoldx            0x08006b89  0x13a  Code  Gb  xstold.o [4]
__iar_Stoll             0x080069d5    0x4  Code  Gb  xstoll.o [3]
__iar_Stollx            0x08006935   0xa0  Code  Gb  xstoll.o [3]
__iar_Stoull            0x08006b35    0x4  Code  Gb  xstoull.o [3]
__iar_Stoullx           0x080069d9  0x156  Code  Gb  xstoull.o [3]
__iar_Strchr            0x080012c5         Code  Gb  strchr.o [5]
__iar_Wctob             0x080068cd   0x36  Code  Gb  xwctob.o [3]
__iar_d2uiz             0x08001835         Code  Gb  DblToI32.o [4]
__iar_dadd              0x08001f45         Code  Gb  DblAdd.o [4]
__iar_data_init3        0x0800760d   0x28  Code  Gb  data_init.o [5]
__iar_dlib_perthread_access
                        0x08002019    0x2  Code  Gb  xtls.o [3]
__iar_dsub              0x08001899         Code  Gb  DblSub.o [4]
__iar_dsubStart         0x080018ab         Code  Gb  DblSub.o [4]
__iar_fadd              0x08005665         Code  Gb  FltAdd.o [4]
__iar_fsub              0x0800557d         Code  Gb  FltSub.o [4]
__iar_fsubStart         0x0800558d         Code  Gb  FltSub.o [4]
__iar_packbits_init3    0x08007505   0xae  Code  Gb  packbits_init.o [5]
__iar_program_start     0x080076a1         Code  Gb  cstartup_M.o [5]
__iar_strcmp            0x080053b9         Code  Gb  strcmp_unaligned.o [5]
__iar_ui2d              0x0800186d         Code  Gb  I32ToDbl.o [4]
__iar_ui2f              0x08005551         Code  Gb  I32ToFlt.o [4]
__iar_unaligned___aeabi_memcpy
                        0x08001465         Code  Gb  ABImemcpy_unaligned.o [5]
__iar_unaligned___aeabi_memcpy4
                        0x08001485         Code  Gb  ABImemcpy_unaligned.o [5]
__iar_unaligned___aeabi_memcpy8
                        0x08001485         Code  Gb  ABImemcpy_unaligned.o [5]
__iar_unaligned_strcmp  0x080053b9         Code  Gb  strcmp_unaligned.o [5]
__iar_zero_init3        0x080075cd   0x40  Code  Gb  zero_init3.o [5]
__low_level_init        0x0800767b    0x4  Code  Gb  low_level_init.o [3]
__vector_table          0x08000000         Data  Gb  startup_stm32f103xe.o [1]
_call_main              0x0800766d         Code  Gb  cmain.o [5]
_exit                   0x08007685         Code  Gb  cexit.o [5]
_main                   0x08007677         Code  Gb  cmain.o [5]
aAPBAHBPrescTable       0x080052bc   0x10  Data  Gb  stm32f1xx_hal_rcc.o [1]
abort                   0x080075b3    0x6  Code  Gb  abort.o [3]
accelScale              0x200009dc    0x2  Data  Gb  bno055.o [1]
angularRateScale        0x200009de    0x2  Data  Gb  bno055.o [1]
battery_percent         0x200001b6    0x1  Data  Gb  main.o [1]
bno055_delay            0x0800203b    0x4  Code  Gb  main.o [1]
bno055_getCalibrationData
                        0x0800428d   0x6a  Code  Gb  bno055.o [1]
bno055_getOperationMode
                        0x080041c9    0xa  Code  Gb  bno055.o [1]
bno055_getVector        0x08004301   0xfa  Code  Gb  bno055.o [1]
bno055_getVectorEuler   0x08004433    0x4  Code  Gb  bno055.o [1]
bno055_readData         0x0800208f   0x1a  Code  Gb  main.o [1]
bno055_reset            0x080041f3   0x16  Code  Gb  bno055.o [1]
bno055_setOperationMode
                        0x080041d3   0x1c  Code  Gb  bno055.o [1]
bno055_setOperationModeNDOF
                        0x080041ef    0x4  Code  Gb  bno055.o [1]
bno055_setPage          0x080041c1    0x8  Code  Gb  bno055.o [1]
bno055_setup            0x08004209   0x64  Code  Gb  bno055.o [1]
bno055_writeData        0x0800203f   0x50  Code  Gb  main.o [1]
bno_c                   0x20000690    0x4  Data  Gb  main.o [1]
bno_state               0x2000099c    0x1  Data  Gb  main.o [1]
buffer                  0x20000808   0x14  Data  Gb  main.o [1]
buffer_test             0x20000a70   0x34  Data  Gb  bno055.o [1]
crc_table               0x08004bc8  0x100  Data  Lc  mlx90614.o [1]
data_mlx                0x20000688    0x8  Data  Gb  main.o [1]
data_sen                0x200006b8   0x44  Data  Gb  main.o [1]
data_sen2               0x200006fc   0x44  Data  Gb  main.o [1]
datapack_maker          0x080027f9   0x26  Code  Gb  main.o [1]
digits                  0x08006b38   0x28  Data  Lc  xstoull.o [3]
div                     0x08001e6d    0xe  Code  Gb  div.o [3]
dmul                    0x08007049   0x52  Code  Lc  xdtento.o [4]
eulerScale              0x200009e0    0x2  Data  Gb  bno055.o [1]
exit                    0x0800767f    0x4  Code  Gb  exit.o [3]
first_serial            0x20000888    0xc  Data  Gb  main.o [1]
first_udp               0x2000085c   0x20  Data  Gb  main.o [1]
free                    0x080014dd   0x7a  Code  Gb  xxmemxfree.o [3]
get_data                0x200001a4    0x4  Data  Gb  main.o [1]
gps_conv_double         0x08002b87   0x18  Code  Gb  main.o [1]
gps_cor_final_conv_func
                        0x08002b9f   0x38  Code  Gb  main.o [1]
gps_data_check_extrac_func
                        0x080028bd  0x2ca  Code  Gb  main.o [1]
gps_data_ready          0x200001b3    0x1  Data  Gb  main.o [1]
gps_ew                  0x200001b5    0x1  Data  Gb  main.o [1]
gps_hour                0x200001af    0x1  Data  Gb  main.o [1]
gps_min                 0x200001b0    0x1  Data  Gb  main.o [1]
gps_ns                  0x200001b4    0x1  Data  Gb  main.o [1]
gps_sec                 0x200001b1    0x1  Data  Gb  main.o [1]
gps_utc_conv_func       0x08002bd7   0x64  Code  Gb  main.o [1]
gps_validation          0x200001ae    0x1  Data  Gb  main.o [1]
gps_validation_test     0x20000abc    0x1  Data  Gb  main.o [1]
gps_wire_connection     0x200001b2    0x1  Data  Gb  main.o [1]
gps_wire_connection_c   0x20000698    0x4  Data  Gb  main.o [1]
hi2c1                   0x200009a0   0x3c  Data  Gb  main.o [1]
hi2c2                   0x20000534   0x3c  Data  Gb  main.o [1]
hspi1                   0x200004dc   0x58  Data  Gb  main.o [1]
htim2                   0x20000630   0x3c  Data  Gb  main.o [1]
huart1                  0x200005f0   0x40  Data  Gb  main.o [1]
huart2                  0x2000081c   0x40  Data  Gb  main.o [1]
huart4                  0x20000570   0x40  Data  Gb  main.o [1]
huart5                  0x200005b0   0x40  Data  Gb  main.o [1]
index                   0x20000acc    0x4  Data  Gb  main.o [1]
index_uart4             0x200006ac    0x4  Data  Gb  main.o [1]
index_uart5             0x200006b0    0x4  Data  Gb  main.o [1]
isalpha                 0x0800690d   0x14  Code  Gb  isxxx.o [3]
isspace                 0x08006921   0x14  Code  Gb  isxxx.o [3]
latitude                0x2000069c    0x4  Data  Gb  main.o [1]
latitude_final          0x200006a4    0x4  Data  Gb  main.o [1]
latitude_str            0x200007c4   0x20  Data  Gb  main.o [1]
localeconv              0x08001e3b   0x16  Code  Gb  localeconv.o [3]
longitude               0x200006a0    0x4  Data  Gb  main.o [1]
longitude_final         0x200006a8    0x4  Data  Gb  main.o [1]
longitude_str           0x200007e4   0x20  Data  Gb  main.o [1]
magScale                0x200009e2    0x2  Data  Gb  bno055.o [1]
main                    0x080020a9  0x666  Code  Gb  main.o [1]
malloc                  0x08001399   0xac  Code  Gb  xxmemxmalloc.o [3]
memchr                  0x08001335         Code  Gb  memchr.o [5]
mlx_c                   0x20000694    0x4  Data  Gb  main.o [1]
ndigs                   0x08006b60   0x28  Data  Lc  xstoull.o [3]
pack_ready              0x200001a8    0x2  Data  Gb  main.o [1]
pows                    0x08007200   0x48  Data  Lc  xdtento.o [4]
put_str                 0x080027db   0x1e  Code  Gb  main.o [1]
put_str2                0x0800201d   0x1e  Code  Gb  main.o [1]
put_str3                0x080041a1   0x20  Code  Gb  bno055.o [1]
quaScale                0x200009e4    0x2  Data  Gb  bno055.o [1]
second_serial           0x20000894    0xc  Data  Gb  main.o [1]
second_udp              0x2000087c    0xc  Data  Gb  main.o [1]
sen_data_buffer         0x20000000  0x1a4  Data  Gb  main.o [1]
sen_data_get_request    0x200001ac    0x2  Data  Gb  main.o [1]
sen_port_c              0x20000678    0x8  Data  Gb  main.o [1]
sen_port_r_check_c      0x20000680    0x8  Data  Gb  main.o [1]
sen_request             0x200006b4    0x2  Data  Gb  main.o [1]
sen_send                0x200001aa    0x2  Data  Gb  main.o [1]
sen_value               0x2000066c    0xc  Data  Gb  main.o [1]
snprintf                0x08005b85   0x44  Code  Gb  snprintf.o [3]
sprintf                 0x08004499   0x34  Code  Gb  sprintf.o [3]
sscanf                  0x08004cc9   0x24  Code  Gb  sscanf.o [3]
start_state             0x20000804    0x1  Data  Gb  main.o [1]
str                     0x20000740   0x64  Data  Gb  main.o [1]
str_buffer              0x200001bc  0x320  Data  Gb  main.o [1]
strchr                  0x080012c5         Code  Gb  strchr.o [5]
strlen                  0x080012f5         Code  Gb  strlen.o [5]
temp_buff               0x200009f0   0x80  Data  Gb  mlx90614.o [1]
test                    0x20000ac3    0x1  Data  Gb  stm32f1xx_it.o [1]
test_char_gps           0x20000ac1    0x1  Data  Gb  main.o [1]
tolower                 0x08006d0d   0x14  Code  Gb  tolower.o [3]
two_way_esp_polling     0x0800281f   0x8c  Code  Gb  main.o [1]
uCRCErrorWorkaroundCheck
                        0x20000ac2    0x1  Data  Gb  stm32f1xx_hal_spi_ex.o [1]
uart4_rx_complete       0x200001b8    0x1  Data  Gb  main.o [1]
uart4_rx_state          0x200001b7    0x1  Data  Gb  main.o [1]
uart5_rx_complete       0x200001ba    0x1  Data  Gb  main.o [1]
uart5_rx_state          0x200001b9    0x1  Data  Gb  main.o [1]
utc_str                 0x200007a4   0x20  Data  Gb  main.o [1]
uwTick                  0x20000ad0    0x4  Data  Lc  stm32f1xx_hal.o [1]


[1] = C:\Users\user\Desktop\main_board_git_ignore\EWARM\sen_rX_TX_interrupt Configuration\Obj
[2] = command line
[3] = dl7M_tlf.a
[4] = m7M_tl.a
[5] = rt7M_tl.a
[6] = shb_l.a

  30 584 bytes of readonly  code memory
     144 bytes of readonly  data memory
   4 312 bytes of readwrite data memory

Errors: none
Warnings: none
